// Jest Snapshot v1, https://jestjs.io/docs/snapshot-testing

exports[`renders 1`] = `
<div
  style={{}}
>
  <label
    htmlFor="BooleanCheckboxInput_4"
  >
    <input
      checked={false}
      id="BooleanCheckboxInput_4"
      onChange={[Function]}
      readOnly={false}
      type="checkbox"
      value="true"
    />
    LABEL
  </label>
</div>
`;
