// Jest Snapshot v1, https://jestjs.io/docs/snapshot-testing

exports[`renders 1`] = `
<select
  name="test"
  onChange={[Function]}
  readOnly={false}
  style={{}}
  value=""
>
  <option
    value=""
  >
    (Select One)
  </option>
  <option
    value="a"
  >
    A
  </option>
  <option
    value="b"
  >
    B
  </option>
  <option
    value="c"
  >
    C
  </option>
</select>
`;
