// Jest Snapshot v1, https://jestjs.io/docs/snapshot-testing

exports[`renders 1`] = `
<div
  style={{}}
>
  <div
    style={{}}
  >
    <label
      htmlFor="SelectCheckboxInput_22"
      style={{}}
    >
      <input
        checked={false}
        id="SelectCheckboxInput_22"
        onChange={[Function]}
        readOnly={false}
        style={{}}
        type="checkbox"
        value="a"
      />
      A
    </label>
  </div>
  <div
    style={{}}
  >
    <label
      htmlFor="SelectCheckboxInput_23"
      style={{}}
    >
      <input
        checked={false}
        id="SelectCheckboxInput_23"
        onChange={[Function]}
        readOnly={false}
        style={{}}
        type="checkbox"
        value="b"
      />
      B
    </label>
  </div>
  <div
    style={{}}
  >
    <label
      htmlFor="SelectCheckboxInput_24"
      style={{}}
    >
      <input
        checked={false}
        id="SelectCheckboxInput_24"
        onChange={[Function]}
        readOnly={false}
        style={{}}
        type="checkbox"
        value="c"
      />
      C
    </label>
  </div>
</div>
`;
